modify the file from local